#-----------------------------------------------------------
# Vivado v2020.1 (64-bit)
# SW Build 2902540 on Wed May 27 19:54:49 MDT 2020
# IP Build 2902112 on Wed May 27 22:43:36 MDT 2020
# Start of session at: Fri Aug 14 12:50:55 2020
# Process ID: 11616
# Current directory: C:/Users/andy3/Desktop/NeuralNetwork/Neural_Network
# Command line: vivado.exe -gui_launcher_event rodinguilauncherevent15572 C:\Users\andy3\Desktop\NeuralNetwork\Neural_Network\Neural_Network.xpr
# Log file: C:/Users/andy3/Desktop/NeuralNetwork/Neural_Network/vivado.log
# Journal file: C:/Users/andy3/Desktop/NeuralNetwork/Neural_Network\vivado.jou
#-----------------------------------------------------------
start_gui
open_project C:/Users/andy3/Desktop/NeuralNetwork/Neural_Network/Neural_Network.xpr
update_compile_order -fileset sources_1
reset_run synth_1
launch_runs impl_1 -to_step write_bitstream -jobs 4
wait_on_run impl_1
reset_run synth_1
launch_runs impl_1 -to_step write_bitstream -jobs 4
wait_on_run impl_1
export_ip_user_files -of_objects  [get_files C:/Users/andy3/Desktop/NeuralNetwork/Neural_Network/Neural_Network.srcs/sources_1/ip/blk_mem_gen_hidden_layer_weight_9x10/blk_mem_gen_hidden_layer_weight_9x10.xci] -no_script -reset -force -quiet
export_ip_user_files -of_objects  [get_files C:/Users/andy3/Desktop/NeuralNetwork/Neural_Network/Neural_Network.srcs/sources_1/ip/blk_mem_gen_input_layer_weight_785x8/blk_mem_gen_input_layer_weight_785x8.xci] -no_script -reset -force -quiet
export_ip_user_files -of_objects  [get_files C:/Users/andy3/Desktop/NeuralNetwork/Neural_Network/Neural_Network.srcs/sources_1/ip/blk_mem_gen_number_784/blk_mem_gen_number_784.xci] -no_script -reset -force -quiet
export_ip_user_files -of_objects  [get_files C:/Users/andy3/Desktop/NeuralNetwork/Neural_Network/Neural_Network.srcs/sources_1/ip/blk_mem_gen_testing_4x3/blk_mem_gen_testing_4x3.xci] -no_script -reset -force -quiet
remove_files  {C:/Users/andy3/Desktop/NeuralNetwork/Neural_Network/Neural_Network.srcs/sources_1/ip/blk_mem_gen_hidden_layer_weight_9x10/blk_mem_gen_hidden_layer_weight_9x10.xci C:/Users/andy3/Desktop/NeuralNetwork/Neural_Network/Neural_Network.srcs/sources_1/ip/blk_mem_gen_input_layer_weight_785x8/blk_mem_gen_input_layer_weight_785x8.xci C:/Users/andy3/Desktop/NeuralNetwork/Neural_Network/Neural_Network.srcs/sources_1/ip/blk_mem_gen_number_784/blk_mem_gen_number_784.xci C:/Users/andy3/Desktop/NeuralNetwork/Neural_Network/Neural_Network.srcs/sources_1/ip/blk_mem_gen_testing_4x3/blk_mem_gen_testing_4x3.xci}
file delete -force C:/Users/andy3/Desktop/NeuralNetwork/Neural_Network/Neural_Network.srcs/sources_1/ip/blk_mem_gen_hidden_layer_weight_9x10 C:/Users/andy3/Desktop/NeuralNetwork/Neural_Network/Neural_Network.srcs/sources_1/ip/blk_mem_gen_input_layer_weight_785x8 C:/Users/andy3/Desktop/NeuralNetwork/Neural_Network/Neural_Network.srcs/sources_1/ip/blk_mem_gen_number_784 C:/Users/andy3/Desktop/NeuralNetwork/Neural_Network/Neural_Network.srcs/sources_1/ip/blk_mem_gen_testing_4x3
reset_run synth_1
launch_runs impl_1 -to_step write_bitstream -jobs 4
wait_on_run impl_1
open_run impl_1
open_run impl_1
reset_run synth_1
launch_runs impl_1 -to_step write_bitstream -jobs 4
wait_on_run impl_1
close_design
